
[36m── 1. Public DNS — apex sonicloud.app ──[0m
  1.1.1.1:
    NS   : ['giancarlo.ns.cloudflare.com.', 'hazel.ns.cloudflare.com.']
    A    : ['104.21.17.247', '172.67.178.229']
    MX   : ['15 route2.mx.cloudflare.net.', '19 route1.mx.cloudflare.net.', '8 route3.mx.cloudflare.net.']
    TXT  : ['"v=spf1 include:_spf.mx.cloudflare.net ~all"']
    CAA  : ['0 iodef "mailto:admin@sonicloud.app"', '0 issue "cloudflare.com"', '0 issue "comodoca.com"', '0 issue "digicert.com; cansignhttpexchanges=yes"', '0 issue "letsencrypt.org"', '0 issue "pki.goog; cansignhttpexchanges=yes"', '0 issue "ssl.com"', '0 issuewild "comodoca.com"', '0 issuewild "digicert.com; cansignhttpexchanges=yes"', '0 issuewild "letsencrypt.org"', '0 issuewild "pki.goog; cansignhttpexchanges=yes"', '0 issuewild "ssl.com"']
  8.8.8.8:
    NS   : ['hazel.ns.cloudflare.com.', 'giancarlo.ns.cloudflare.com.']
    A    : ['172.67.178.229', '104.21.17.247']
    MX   : ['19 route1.mx.cloudflare.net.', '8 route3.mx.cloudflare.net.', '15 route2.mx.cloudflare.net.']
    TXT  : ['"v=spf1 include:_spf.mx.cloudflare.net ~all"']
    CAA  : ['0 issue "letsencrypt.org"', '0 issuewild "ssl.com"', '0 issuewild "digicert.com; cansignhttpexchanges=yes"', '0 issue "comodoca.com"', '0 issue "cloudflare.com"', '0 issue "digicert.com; cansignhttpexchanges=yes"', '0 issuewild "letsencrypt.org"', '0 issuewild "pki.goog; cansignhttpexchanges=yes"', '0 issue "pki.goog; cansignhttpexchanges=yes"', '0 issuewild "comodoca.com"', '0 issue "ssl.com"', '0 iodef "mailto:admin@sonicloud.app"']
  9.9.9.9:
    NS   : ['hazel.ns.cloudflare.com.', 'giancarlo.ns.cloudflare.com.']
    A    : ['104.21.17.247', '172.67.178.229']
    MX   : ['19 route1.mx.cloudflare.net.', '15 route2.mx.cloudflare.net.', '8 route3.mx.cloudflare.net.']
    TXT  : ['"v=spf1 include:_spf.mx.cloudflare.net ~all"']
    CAA  : ['0 issue "comodoca.com"', '0 issuewild "pki.goog; cansignhttpexchanges=yes"', '0 issue "digicert.com; cansignhttpexchanges=yes"', '0 issue "letsencrypt.org"', '0 issue "cloudflare.com"', '0 iodef "mailto:admin@sonicloud.app"', '0 issuewild "letsencrypt.org"', '0 issue "ssl.com"', '0 issuewild "ssl.com"', '0 issuewild "digicert.com; cansignhttpexchanges=yes"', '0 issue "pki.goog; cansignhttpexchanges=yes"', '0 issuewild "comodoca.com"']

[36m── 2. Public DNS — sub-zones (NS delegation check) ──[0m
  users.sonicloud.app:
    NS: ['dns1.p07.nsone.net.', 'dns2.p07.nsone.net.', 'dns3.p07.nsone.net.', 'dns4.p07.nsone.net.']
    A:  ['192.0.2.1']
  app.sonicloud.app:
    NS: ['dns1.p01.nsone.net.', 'dns2.p01.nsone.net.', 'dns3.p01.nsone.net.', 'dns4.p01.nsone.net.']
    A:  ['192.0.2.1']
  content.sonicloud.app:
    NS: ['dns1.p07.nsone.net.', 'dns2.p07.nsone.net.', 'dns3.p07.nsone.net.', 'dns4.p07.nsone.net.']
    A:  ['192.0.2.1']
  corp.sonicloud.app:
    NS: ['dns1.p05.nsone.net.', 'dns2.p05.nsone.net.', 'dns3.p05.nsone.net.', 'dns4.p05.nsone.net.']
    A:  ['192.0.2.1']
  api.sonicloud.app:
    NS: ['dns1.p09.nsone.net.', 'dns2.p09.nsone.net.', 'dns3.p09.nsone.net.', 'dns4.p09.nsone.net.']
    A:  ['192.0.2.1']
  cdn.sonicloud.app:
    NS: ['dns1.p08.nsone.net.', 'dns2.p08.nsone.net.', 'dns3.p08.nsone.net.', 'dns4.p08.nsone.net.']
    A:  ['192.0.2.1']

[36m── 3. CF zone records for sonicloud.app ──[0m
  zone id=b09e8c12f3cf7058d42e03d0c6b0d077 status=active NS=['giancarlo.ns.cloudflare.com', 'hazel.ns.cloudflare.com']
  observed NS=['launch1.spaceship.net', 'launch2.spaceship.net']
  records (45):
    A      sonicloud.app                                 → 192.0.2.1  proxied=True
    CAA    sonicloud.app                                 → 0 iodef "mailto:admin@sonicloud.app"  proxied=False
    CAA    sonicloud.app                                 → 0 issue "letsencrypt.org"  proxied=False
    CAA    sonicloud.app                                 → 0 issue "cloudflare.com"  proxied=False
    CNAME  blog.sonicloud.app                            → cname.vercel-dns.com  proxied=False
    CNAME  docs.sonicloud.app                            → cname.vercel-dns.com  proxied=False
    CNAME  help.sonicloud.app                            → helpdesk.example.com  proxied=False
    CNAME  www.sonicloud.app                             → sonicloud.app  proxied=True
    MX     sonicloud.app                                 → route3.mx.cloudflare.net  proxied=False
    MX     sonicloud.app                                 → route2.mx.cloudflare.net  proxied=False
    MX     sonicloud.app                                 → route1.mx.cloudflare.net  proxied=False
    NS     api.sonicloud.app                             → dns4.p09.nsone.net  proxied=False
    NS     api.sonicloud.app                             → dns3.p09.nsone.net  proxied=False
    NS     api.sonicloud.app                             → dns2.p09.nsone.net  proxied=False
    NS     api.sonicloud.app                             → dns1.p09.nsone.net  proxied=False
    NS     app.sonicloud.app                             → dns4.p01.nsone.net  proxied=False
    NS     app.sonicloud.app                             → dns3.p01.nsone.net  proxied=False
    NS     app.sonicloud.app                             → dns2.p01.nsone.net  proxied=False
    NS     app.sonicloud.app                             → dns1.p01.nsone.net  proxied=False
    NS     cdn.sonicloud.app                             → dns4.p08.nsone.net  proxied=False
    NS     cdn.sonicloud.app                             → dns3.p08.nsone.net  proxied=False
    NS     cdn.sonicloud.app                             → dns2.p08.nsone.net  proxied=False
    NS     cdn.sonicloud.app                             → dns1.p08.nsone.net  proxied=False
    NS     content.sonicloud.app                         → dns4.p07.nsone.net  proxied=False
    NS     content.sonicloud.app                         → dns3.p07.nsone.net  proxied=False
    NS     content.sonicloud.app                         → dns2.p07.nsone.net  proxied=False
    NS     content.sonicloud.app                         → dns1.p07.nsone.net  proxied=False
    NS     corp.sonicloud.app                            → dns4.p05.nsone.net  proxied=False
    NS     corp.sonicloud.app                            → dns3.p05.nsone.net  proxied=False
    NS     corp.sonicloud.app                            → dns2.p05.nsone.net  proxied=False
    NS     corp.sonicloud.app                            → dns1.p05.nsone.net  proxied=False
    NS     users.sonicloud.app                           → dns4.p07.nsone.net  proxied=False
    NS     users.sonicloud.app                           → dns3.p07.nsone.net  proxied=False
    NS     users.sonicloud.app                           → dns2.p07.nsone.net  proxied=False
    NS     users.sonicloud.app                           → dns1.p07.nsone.net  proxied=False
    TXT    _dmarc.api.sonicloud.app                      → v=DMARC1; p=quarantine; rua=mailto:admin@sonicloud.app; ruf=mailto:adm  proxied=False
    TXT    _dmarc.app.sonicloud.app                      → v=DMARC1; p=quarantine; rua=mailto:admin@sonicloud.app; ruf=mailto:adm  proxied=False
    TXT    _dmarc.cdn.sonicloud.app                      → v=DMARC1; p=quarantine; rua=mailto:admin@sonicloud.app; ruf=mailto:adm  proxied=False
    TXT    _dmarc.content.sonicloud.app                  → v=DMARC1; p=quarantine; rua=mailto:admin@sonicloud.app; ruf=mailto:adm  proxied=False
    TXT    _dmarc.corp.sonicloud.app                     → v=DMARC1; p=quarantine; rua=mailto:admin@sonicloud.app; ruf=mailto:adm  proxied=False
    TXT    _dmarc.sonicloud.app                          → v=DMARC1; p=quarantine; rua=mailto:admin@sonicloud.app; ruf=mailto:adm  proxied=False
    TXT    _dmarc.users.sonicloud.app                    → v=DMARC1; p=quarantine; rua=mailto:admin@sonicloud.app; ruf=mailto:adm  proxied=False
    TXT    _mta-sts.sonicloud.app                        → v=STSv1; id=20260815T000000  proxied=False
    TXT    cf2024-1._domainkey.sonicloud.app             → "v=DKIM1; h=sha256; k=rsa; p=MIIBIjANBgkqhkiG9w0BAQEFAAOCAQ8AMIIBCgKCA  proxied=False
    TXT    sonicloud.app                                 → v=spf1 include:_spf.mx.cloudflare.net ~all  proxied=False

  Worker Routes (2):
    pattern=www.sonicloud.app/* script=sonicloud-root-worker
    pattern=sonicloud.app/* script=sonicloud-root-worker

  Worker scripts in CF MAIN account (1):
    sonicloud-root-worker modified=2026-08-14T23:04:32.233232Z

  Email Routing: status=ready name=sonicloud.app

[36m── 4. Netlify DNS zones + records ──[0m
  6 zones:

    cdn.sonicloud.app  id=6a80b7c0ee37ee2d4890c59e  NS=['dns1.p08.nsone.net', 'dns2.p08.nsone.net', 'dns3.p08.nsone.net', 'dns4.p08.nsone.net']
      A      cdn.sonicloud.app                             → 192.0.2.1
      CAA    cdn.sonicloud.app                             → letsencrypt.org
      CAA    cdn.sonicloud.app                             → cloudflare.com
      CNAME  www.cdn.sonicloud.app                         → cdn.sonicloud.app
      TXT    _dmarc.cdn.sonicloud.app                      → v=DMARC1; p=quarantine; rua=mailto:admin@sonicloud.app; ruf=mailto:adm
      TXT    _mta-sts.cdn.sonicloud.app                    → v=STSv1; id=20260815T000000
      TXT    cdn.sonicloud.app                             → v=spf1 include:_spf.mx.cloudflare.net ~all

    api.sonicloud.app  id=6a80b7ab139f4780ad78bf2a  NS=['dns1.p09.nsone.net', 'dns2.p09.nsone.net', 'dns3.p09.nsone.net', 'dns4.p09.nsone.net']
      A      api.sonicloud.app                             → 192.0.2.1
      CAA    api.sonicloud.app                             → letsencrypt.org
      CAA    api.sonicloud.app                             → cloudflare.com
      CNAME  www.api.sonicloud.app                         → api.sonicloud.app
      TXT    _dmarc.api.sonicloud.app                      → v=DMARC1; p=quarantine; rua=mailto:admin@sonicloud.app; ruf=mailto:adm
      TXT    _mta-sts.api.sonicloud.app                    → v=STSv1; id=20260815T000000
      TXT    api.sonicloud.app                             → v=spf1 include:_spf.mx.cloudflare.net ~all

    corp.sonicloud.app  id=6a80b796139f47814f78bf0a  NS=['dns1.p05.nsone.net', 'dns2.p05.nsone.net', 'dns3.p05.nsone.net', 'dns4.p05.nsone.net']
      A      corp.sonicloud.app                            → 192.0.2.1
      CAA    corp.sonicloud.app                            → letsencrypt.org
      CAA    corp.sonicloud.app                            → cloudflare.com
      CNAME  www.corp.sonicloud.app                        → corp.sonicloud.app
      TXT    _dmarc.corp.sonicloud.app                     → v=DMARC1; p=quarantine; rua=mailto:admin@sonicloud.app; ruf=mailto:adm
      TXT    _mta-sts.corp.sonicloud.app                   → v=STSv1; id=20260815T000000
      TXT    corp.sonicloud.app                            → v=spf1 include:_spf.mx.cloudflare.net ~all

    content.sonicloud.app  id=6a80b780a694d25f2145f208  NS=['dns1.p07.nsone.net', 'dns2.p07.nsone.net', 'dns3.p07.nsone.net', 'dns4.p07.nsone.net']
      A      content.sonicloud.app                         → 192.0.2.1
      CAA    content.sonicloud.app                         → letsencrypt.org
      CAA    content.sonicloud.app                         → cloudflare.com
      CNAME  www.content.sonicloud.app                     → content.sonicloud.app
      TXT    _dmarc.content.sonicloud.app                  → v=DMARC1; p=quarantine; rua=mailto:admin@sonicloud.app; ruf=mailto:adm
      TXT    _mta-sts.content.sonicloud.app                → v=STSv1; id=20260815T000000
      TXT    content.sonicloud.app                         → v=spf1 include:_spf.mx.cloudflare.net ~all

    app.sonicloud.app  id=6a80b76a8879772642e346b6  NS=['dns1.p01.nsone.net', 'dns2.p01.nsone.net', 'dns3.p01.nsone.net', 'dns4.p01.nsone.net']
      A      app.sonicloud.app                             → 192.0.2.1
      CAA    app.sonicloud.app                             → letsencrypt.org
      CAA    app.sonicloud.app                             → cloudflare.com
      CNAME  www.app.sonicloud.app                         → app.sonicloud.app
      TXT    _dmarc.app.sonicloud.app                      → v=DMARC1; p=quarantine; rua=mailto:admin@sonicloud.app; ruf=mailto:adm
      TXT    _mta-sts.app.sonicloud.app                    → v=STSv1; id=20260815T000000
      TXT    app.sonicloud.app                             → v=spf1 include:_spf.mx.cloudflare.net ~all

    users.sonicloud.app  id=6a80588c88797781fbe34721  NS=['dns1.p07.nsone.net', 'dns2.p07.nsone.net', 'dns3.p07.nsone.net', 'dns4.p07.nsone.net']
      A      users.sonicloud.app                           → 192.0.2.1
      CAA    users.sonicloud.app                           → letsencrypt.org
      CAA    users.sonicloud.app                           → cloudflare.com
      CNAME  www.users.sonicloud.app                       → users.sonicloud.app
      TXT    _dmarc.users.sonicloud.app                    → v=DMARC1; p=quarantine; rua=mailto:admin@sonicloud.app; ruf=mailto:adm
      TXT    _mta-sts.users.sonicloud.app                  → v=STSv1; id=20260815T000000
      TXT    users.sonicloud.app                           → v=spf1 include:_spf.mx.cloudflare.net ~all

[36m── 5. HTTP reachability ──[0m
  https://sonicloud.app/                                  → HTTP 200  server=cloudflare  loc=
  https://sonicloud.app/__health                          → HTTP 200  server=cloudflare  loc=
  https://www.sonicloud.app/                              → HTTP 200  server=cloudflare  loc=
  https://docs.sonicloud.app/                             → HTTP 200  server=Vercel  loc=
  https://blog.sonicloud.app/                             → HTTP 200  server=Vercel  loc=
  https://app.sonicloud.app/                              → HTTP None  server=  loc=
  https://users.sonicloud.app/                            → HTTP None  server=  loc=
  https://api.sonicloud.app/                              → HTTP None  server=  loc=
  https://cdn.sonicloud.app/                              → HTTP None  server=  loc=
  https://content.sonicloud.app/                          → HTTP None  server=  loc=
  https://corp.sonicloud.app/                             → HTTP None  server=  loc=

[36m── 6. Vercel project status ──[0m
  template                       targets=['production']  latest=READY alias=[]
  sonicloud-blog                 targets=['production']  latest=READY alias=[]
  sonicloud-docs                 targets=['production']  latest=READY alias=[]

[32mProbe complete.[0m
